// Jest Snapshot v1, https://goo.gl/fbAQLP

exports[`Storyshots Another Button with some emoji 1`] = `
<ForwardRef
  onClick={[Function]}
>
  <Styled(button)
    onClick={[Function]}
  >
    <button
      className="emotion-0 emotion-1"
      onClick={[Function]}
    >
      <span
        aria-label="so cool"
        role="img"
      >
        üòÄ üòé üëç üíØ
      </span>
    </button>
  </Styled(button)>
</ForwardRef>
`;

exports[`Storyshots Another Button with text 1`] = `
<ForwardRef
  onClick={[Function]}
>
  <Styled(button)
    onClick={[Function]}
  >
    <button
      className="emotion-0 emotion-1"
      onClick={[Function]}
    >
      Hello Button
    </button>
  </Styled(button)>
</ForwardRef>
`;

exports[`Storyshots Button with some emoji 1`] = `
<ForwardRef
  onClick={[Function]}
>
  <Styled(button)
    onClick={[Function]}
  >
    <button
      className="emotion-0 emotion-1"
      onClick={[Function]}
    >
      <span
        aria-label="so cool"
        role="img"
      >
        üòÄ üòé üëç üíØ
      </span>
    </button>
  </Styled(button)>
</ForwardRef>
`;

exports[`Storyshots Button with text 1`] = `
<ForwardRef
  onClick={[Function]}
>
  <Styled(button)
    onClick={[Function]}
  >
    <button
      className="emotion-0 emotion-1"
      onClick={[Function]}
    >
      Hello Button
    </button>
  </Styled(button)>
</ForwardRef>
`;

exports[`Storyshots Welcome to Storybook 1`] = `
<Welcome
  showApp={[Function]}
>
  <ForwardRef>
    <Styled(article)>
      <article
        className="emotion-18 emotion-19"
      >
        <ForwardRef>
          <Styled(h1)>
            <h1
              className="emotion-0 emotion-1"
            >
              Welcome to storybook
            </h1>
          </Styled(h1)>
        </ForwardRef>
        <p>
          This is a UI component dev environment for your app.
        </p>
        <p>
          We've added some basic stories inside the 
          <ForwardRef>
            <Styled(code)>
              <code
                className="emotion-2 emotion-3"
              >
                src/stories
              </code>
            </Styled(code)>
          </ForwardRef>
           directory.
          <br />
          A story is a single state of one or more UI components. You can have as many stories as you want.
          <br />
          (Basically a story is like a visual test case.)
        </p>
        <p>
          See these sample 
          <ForwardRef
            onClick={[Function]}
          >
            <Styled(button)
              onClick={[Function]}
            >
              <button
                className="emotion-4 emotion-5"
                onClick={[Function]}
              >
                stories
              </button>
            </Styled(button)>
          </ForwardRef>
           for a component called
           
          <ForwardRef>
            <Styled(code)>
              <code
                className="emotion-2 emotion-3"
              >
                Button
              </code>
            </Styled(code)>
          </ForwardRef>
          .
        </p>
        <p>
          Just like that, you can add your own components as stories.
          <br />
          You can also edit those components and see changes right away.
          <br />
          (Try editing the 
          <ForwardRef>
            <Styled(code)>
              <code
                className="emotion-2 emotion-3"
              >
                Button
              </code>
            </Styled(code)>
          </ForwardRef>
           stories located at
           
          <ForwardRef>
            <Styled(code)>
              <code
                className="emotion-2 emotion-3"
              >
                src/stories/index.js
              </code>
            </Styled(code)>
          </ForwardRef>
          .)
        </p>
        <p>
          Usually we create stories with smaller UI components in the app.
          <br />
          Have a look at the
           
          <ForwardRef
            href="https://storybook.js.org/basics/writing-stories"
            rel="noopener noreferrer"
            target="_blank"
          >
            <Styled(a)
              href="https://storybook.js.org/basics/writing-stories"
              rel="noopener noreferrer"
              target="_blank"
            >
              <a
                className="emotion-12 emotion-13"
                href="https://storybook.js.org/basics/writing-stories"
                rel="noopener noreferrer"
                target="_blank"
              >
                Writing Stories
              </a>
            </Styled(a)>
          </ForwardRef>
           
          section in our documentation.
        </p>
        <ForwardRef>
          <Styled(p)>
            <p
              className="emotion-16 emotion-17"
            >
              <b>
                NOTE:
              </b>
              <br />
              Have a look at the 
              <ForwardRef>
                <Styled(code)>
                  <code
                    className="emotion-2 emotion-3"
                  >
                    .storybook/webpack.config.js
                  </code>
                </Styled(code)>
              </ForwardRef>
               to add webpack loaders and plugins you are using in this project.
            </p>
          </Styled(p)>
        </ForwardRef>
      </article>
    </Styled(article)>
  </ForwardRef>
</Welcome>
`;
